Γû▓ Next.js 16.2.9 (Turbopack)

  Creating an optimized production build ...
Γ£ô Compiled successfully in 3.2s
  Running TypeScript ...
  Finished TypeScript in 5.3s ...
  Collecting page data using 7 workers ...
  Generating static pages using 7 workers (0/6) ...
  Generating static pages using 7 workers (1/6) 
  Generating static pages using 7 workers (2/6) 
  Generating static pages using 7 workers (4/6) 
Γ£ô Generating static pages using 7 workers (6/6) in 327ms
  Finalizing page optimization ...

Route (app)            Revalidate  Expire
Γöî ╞Æ /
Γö£ Γùï /_not-found
Γö£ ╞Æ /compare
Γö£ ╞Æ /pokemon/[id]
Γö£ Γùï /regions                   1h      1y
Γö£ ╞Æ /regions/[region]
Γö£ Γùï /types                     1h      1y
Γöö ╞Æ /types/[type]


Γùï  (Static)   prerendered as static content
╞Æ  (Dynamic)  server-rendered on demand

